Seed 4, model lambda_0p1, initial state e4737cff73339c275f613dc7b3adebf4fa65d4e9a466163302b8f605b8a2b0e2

=== Contrastive Pretraining: ARAGCL-DP (copies to reference; lambda=0.1) ===
Pretrain Epoch 0, Contrastive Loss 2.2451
Pretrain Epoch 1, Contrastive Loss 1.4823
Pretrain Epoch 2, Contrastive Loss 1.3299
Pretrain Epoch 3, Contrastive Loss 1.2543
Pretrain Epoch 4, Contrastive Loss 1.2022
Pretrain Epoch 5, Contrastive Loss 1.2045
Pretrain Epoch 6, Contrastive Loss 1.2091
Pretrain Epoch 7, Contrastive Loss 1.1867
Pretrain Epoch 8, Contrastive Loss 1.1744
Pretrain Epoch 9, Contrastive Loss 1.1425
Pretrain Epoch 10, Contrastive Loss 1.1201
Pretrain Epoch 11, Contrastive Loss 1.1210
Pretrain Epoch 12, Contrastive Loss 1.1040
Pretrain Epoch 13, Contrastive Loss 1.1125
Pretrain Epoch 14, Contrastive Loss 1.1041

=== Training ARAGCL-DP (copies to reference; lambda=0.1) ===
Epoch 0, Train Loss 0.6844, Val Loss 0.6667, Precision 0.000, Recall 0.000, F1 0.000, Fβ 0.000
Epoch 1, Train Loss 0.6315, Val Loss 0.6027, Precision 0.786, Recall 0.244, F1 0.373, Fβ 0.284
Epoch 2, Train Loss 0.4626, Val Loss 0.5211, Precision 0.756, Recall 0.689, F1 0.721, Fβ 0.701
Epoch 3, Train Loss 0.2787, Val Loss 0.5660, Precision 0.744, Recall 0.711, F1 0.727, Fβ 0.717
Epoch 4, Train Loss 0.1706, Val Loss 0.6883, Precision 0.757, Recall 0.622, F1 0.683, Fβ 0.645
Epoch 5, Train Loss 0.0985, Val Loss 0.8490, Precision 0.781, Recall 0.556, F1 0.649, Fβ 0.590
Epoch 6, Train Loss 0.0630, Val Loss 1.1041, Precision 0.741, Recall 0.444, F1 0.556, Fβ 0.483
Epoch 7, Train Loss 0.0512, Val Loss 0.9728, Precision 0.646, Recall 0.689, F1 0.667, Fβ 0.680
Epoch 8, Train Loss 0.0552, Val Loss 1.0863, Precision 0.593, Recall 0.711, F1 0.646, Fβ 0.684
Epoch 9, Train Loss 0.0258, Val Loss 1.0994, Precision 0.638, Recall 0.667, F1 0.652, Fβ 0.661
Early stopping at epoch 9 (best F1=0.727)
Restored best checkpoint (val F1=0.727) -- returned model is NOT the last epoch's weights.
