Seed 0, model lambda_0p25, initial state acba4f01db63e4d523ed28657f1f767e2ba982553455dcfb432b5061f86a72b3

=== Contrastive Pretraining: ARAGCL-DP (copies to reference; lambda=0.25) ===
Pretrain Epoch 0, Contrastive Loss 2.3341
Pretrain Epoch 1, Contrastive Loss 1.5547
Pretrain Epoch 2, Contrastive Loss 1.3762
Pretrain Epoch 3, Contrastive Loss 1.2583
Pretrain Epoch 4, Contrastive Loss 1.2026
Pretrain Epoch 5, Contrastive Loss 1.1727
Pretrain Epoch 6, Contrastive Loss 1.1490
Pretrain Epoch 7, Contrastive Loss 1.1551
Pretrain Epoch 8, Contrastive Loss 1.1660
Pretrain Epoch 9, Contrastive Loss 1.1093
Pretrain Epoch 10, Contrastive Loss 1.0923
Pretrain Epoch 11, Contrastive Loss 1.0617
Pretrain Epoch 12, Contrastive Loss 1.0571
Pretrain Epoch 13, Contrastive Loss 1.0523
Pretrain Epoch 14, Contrastive Loss 1.0525

=== Training ARAGCL-DP (copies to reference; lambda=0.25) ===
Epoch 0, Train Loss 0.6698, Val Loss 0.6466, Precision 0.727, Recall 0.178, F1 0.286, Fβ 0.209
Epoch 1, Train Loss 0.5713, Val Loss 0.5631, Precision 0.750, Recall 0.600, F1 0.667, Fβ 0.625
Epoch 2, Train Loss 0.4001, Val Loss 0.5373, Precision 0.762, Recall 0.711, F1 0.736, Fβ 0.721
Epoch 3, Train Loss 0.2425, Val Loss 0.6062, Precision 0.732, Recall 0.667, F1 0.698, Fβ 0.679
Epoch 4, Train Loss 0.1413, Val Loss 0.7264, Precision 0.711, Recall 0.600, F1 0.651, Fβ 0.619
Epoch 5, Train Loss 0.0760, Val Loss 0.8627, Precision 0.722, Recall 0.578, F1 0.642, Fβ 0.602
Epoch 6, Train Loss 0.0382, Val Loss 0.9549, Precision 0.750, Recall 0.600, F1 0.667, Fβ 0.625
Epoch 7, Train Loss 0.0288, Val Loss 1.0832, Precision 0.577, Recall 0.667, F1 0.619, Fβ 0.647
Epoch 8, Train Loss 0.0255, Val Loss 1.1137, Precision 0.674, Recall 0.644, F1 0.659, Fβ 0.650
Early stopping at epoch 8 (best F1=0.736)
Restored best checkpoint (val F1=0.736) -- returned model is NOT the last epoch's weights.
