Seed 0, model lambda_0p1, initial state acba4f01db63e4d523ed28657f1f767e2ba982553455dcfb432b5061f86a72b3

=== Contrastive Pretraining: ARAGCL-DP (copies to reference; lambda=0.1) ===
Pretrain Epoch 0, Contrastive Loss 2.3365
Pretrain Epoch 1, Contrastive Loss 1.5585
Pretrain Epoch 2, Contrastive Loss 1.3720
Pretrain Epoch 3, Contrastive Loss 1.2584
Pretrain Epoch 4, Contrastive Loss 1.2013
Pretrain Epoch 5, Contrastive Loss 1.1742
Pretrain Epoch 6, Contrastive Loss 1.1514
Pretrain Epoch 7, Contrastive Loss 1.1357
Pretrain Epoch 8, Contrastive Loss 1.1731
Pretrain Epoch 9, Contrastive Loss 1.1186
Pretrain Epoch 10, Contrastive Loss 1.0930
Pretrain Epoch 11, Contrastive Loss 1.0699
Pretrain Epoch 12, Contrastive Loss 1.0582
Pretrain Epoch 13, Contrastive Loss 1.0526
Pretrain Epoch 14, Contrastive Loss 1.0574

=== Training ARAGCL-DP (copies to reference; lambda=0.1) ===
Epoch 0, Train Loss 0.6702, Val Loss 0.6434, Precision 0.750, Recall 0.200, F1 0.316, Fβ 0.234
Epoch 1, Train Loss 0.5694, Val Loss 0.5587, Precision 0.743, Recall 0.578, F1 0.650, Fβ 0.605
Epoch 2, Train Loss 0.3961, Val Loss 0.5367, Precision 0.762, Recall 0.711, F1 0.736, Fβ 0.721
Epoch 3, Train Loss 0.2396, Val Loss 0.6105, Precision 0.732, Recall 0.667, F1 0.698, Fβ 0.679
Epoch 4, Train Loss 0.1418, Val Loss 0.7276, Precision 0.730, Recall 0.600, F1 0.659, Fβ 0.622
Epoch 5, Train Loss 0.0777, Val Loss 0.8933, Precision 0.722, Recall 0.578, F1 0.642, Fβ 0.602
Epoch 6, Train Loss 0.0408, Val Loss 0.9779, Precision 0.750, Recall 0.600, F1 0.667, Fβ 0.625
Epoch 7, Train Loss 0.0312, Val Loss 1.0984, Precision 0.596, Recall 0.689, F1 0.639, Fβ 0.668
Epoch 8, Train Loss 0.0302, Val Loss 1.1436, Precision 0.638, Recall 0.667, F1 0.652, Fβ 0.661
Early stopping at epoch 8 (best F1=0.736)
Restored best checkpoint (val F1=0.736) -- returned model is NOT the last epoch's weights.
