Seed 0, model lambda_0, initial state acba4f01db63e4d523ed28657f1f767e2ba982553455dcfb432b5061f86a72b3

=== Contrastive Pretraining: ARAGCL-DP (copies to reference; lambda=0) ===
Pretrain Epoch 0, Contrastive Loss 2.3416
Pretrain Epoch 1, Contrastive Loss 1.5564
Pretrain Epoch 2, Contrastive Loss 1.3659
Pretrain Epoch 3, Contrastive Loss 1.2530
Pretrain Epoch 4, Contrastive Loss 1.1979
Pretrain Epoch 5, Contrastive Loss 1.1760
Pretrain Epoch 6, Contrastive Loss 1.1567
Pretrain Epoch 7, Contrastive Loss 1.1474
Pretrain Epoch 8, Contrastive Loss 1.1489
Pretrain Epoch 9, Contrastive Loss 1.1006
Pretrain Epoch 10, Contrastive Loss 1.0709
Pretrain Epoch 11, Contrastive Loss 1.0661
Pretrain Epoch 12, Contrastive Loss 1.0480
Pretrain Epoch 13, Contrastive Loss 1.0725
Pretrain Epoch 14, Contrastive Loss 1.0658

=== Training ARAGCL-DP (copies to reference; lambda=0) ===
Epoch 0, Train Loss 0.6697, Val Loss 0.6435, Precision 0.750, Recall 0.200, F1 0.316, Fβ 0.234
Epoch 1, Train Loss 0.5674, Val Loss 0.5592, Precision 0.722, Recall 0.578, F1 0.642, Fβ 0.602
Epoch 2, Train Loss 0.3943, Val Loss 0.5377, Precision 0.744, Recall 0.711, F1 0.727, Fβ 0.717
Epoch 3, Train Loss 0.2394, Val Loss 0.6064, Precision 0.732, Recall 0.667, F1 0.698, Fβ 0.679
Epoch 4, Train Loss 0.1424, Val Loss 0.7227, Precision 0.722, Recall 0.578, F1 0.642, Fβ 0.602
Epoch 5, Train Loss 0.0811, Val Loss 0.8719, Precision 0.714, Recall 0.556, F1 0.625, Fβ 0.581
Epoch 6, Train Loss 0.0459, Val Loss 0.9416, Precision 0.750, Recall 0.600, F1 0.667, Fβ 0.625
Epoch 7, Train Loss 0.0338, Val Loss 1.0738, Precision 0.585, Recall 0.689, F1 0.633, Fβ 0.665
Epoch 8, Train Loss 0.0313, Val Loss 1.1071, Precision 0.638, Recall 0.667, F1 0.652, Fβ 0.661
Early stopping at epoch 8 (best F1=0.727)
Restored best checkpoint (val F1=0.727) -- returned model is NOT the last epoch's weights.
